[     125ms] [INFO] %cDownload the React DevTools for a better development experience: https://react.dev/link/react-devtools font-weight:bold @ http://localhost:5199/node_modules/.vite/deps/react-dom_client.js?v=9d0f301e:14333
[     167ms] [WARNING] <meta name="apple-mobile-web-app-capable" content="yes"> is deprecated. Please include <meta name="mobile-web-app-capable" content="yes"> @ http://localhost:5199/:0
[  187049ms] [ERROR] The final argument passed to %s changed size between renders. The order and size of this array must remain constant.

Previous: %s
Incoming: %s useEffect [disconnected, ] [disconnected] @ http://localhost:5199/@vite/client:528
[  210592ms] [ERROR] React has detected a change in the order of Hooks called by %s. This will lead to bugs and errors if not fixed. For more information, read the Rules of Hooks: https://react.dev/link/rules-of-hooks

   Previous render            Next render
   ------------------------------------------------------
%s   ^^^^^^^^^^^^^^^^^^^^^^^^^^^^^^^^^^^^^^^^^^^^^^^^^^^^^^
 App 1. useState                   useState
2. useState                   useState
3. useState                   useState
4. useState                   useState
5. useState                   useState
6. useState                   useState
7. useState                   useRef
 @ http://localhost:5199/@vite/client:528
[  210596ms] TypeError: Cannot set properties of null (setting 'current')
    at useTether (http://localhost:5199/src/app/useTether.ts?t=1786357766900:36:18)
    at App (http://localhost:5199/src/App.tsx?t=1786357766900:10:17)
    at Object.react_stack_bottom_frame (http://localhost:5199/node_modules/.vite/deps/react-dom_client.js?v=9d0f301e:12864:12)
    at renderWithHooks (http://localhost:5199/node_modules/.vite/deps/react-dom_client.js?v=9d0f301e:4211:19)
    at updateFunctionComponent (http://localhost:5199/node_modules/.vite/deps/react-dom_client.js?v=9d0f301e:5567:16)
    at beginWork (http://localhost:5199/node_modules/.vite/deps/react-dom_client.js?v=9d0f301e:6138:20)
    at runWithFiberInDEV (http://localhost:5199/node_modules/.vite/deps/react-dom_client.js?v=9d0f301e:850:66)
    at performUnitOfWork (http://localhost:5199/node_modules/.vite/deps/react-dom_client.js?v=9d0f301e:8427:92)
    at workLoopSync (http://localhost:5199/node_modules/.vite/deps/react-dom_client.js?v=9d0f301e:8323:37)
    at renderRootSync (http://localhost:5199/node_modules/.vite/deps/react-dom_client.js?v=9d0f301e:8307:6)
[  210595ms] [WARNING] %s

%s
 An error occurred in the <App> component. Consider adding an error boundary to your tree to customize error handling behavior.
Visit https://react.dev/link/error-boundaries to learn more about error boundaries. @ http://localhost:5199/@vite/client:528
[  791445ms] ReferenceError: clearProgress is not defined
    at useTether (http://localhost:5199/src/app/useTether.ts?t=1786358347762:273:3)
    at App (http://localhost:5199/src/App.tsx?t=1786358347762:10:17)
    at Object.react_stack_bottom_frame (http://localhost:5199/node_modules/.vite/deps/react-dom_client.js?v=9d0f301e:12864:12)
    at renderWithHooks (http://localhost:5199/node_modules/.vite/deps/react-dom_client.js?v=9d0f301e:4211:19)
    at updateFunctionComponent (http://localhost:5199/node_modules/.vite/deps/react-dom_client.js?v=9d0f301e:5567:16)
    at beginWork (http://localhost:5199/node_modules/.vite/deps/react-dom_client.js?v=9d0f301e:6138:20)
    at runWithFiberInDEV (http://localhost:5199/node_modules/.vite/deps/react-dom_client.js?v=9d0f301e:850:66)
    at performUnitOfWork (http://localhost:5199/node_modules/.vite/deps/react-dom_client.js?v=9d0f301e:8427:92)
    at workLoopSync (http://localhost:5199/node_modules/.vite/deps/react-dom_client.js?v=9d0f301e:8323:37)
    at renderRootSync (http://localhost:5199/node_modules/.vite/deps/react-dom_client.js?v=9d0f301e:8307:6)
[  791444ms] [WARNING] %s

%s
 An error occurred in the <App> component. Consider adding an error boundary to your tree to customize error handling behavior.
Visit https://react.dev/link/error-boundaries to learn more about error boundaries. @ http://localhost:5199/@vite/client:528
[  801908ms] Error: Should have a queue. You are likely calling Hooks conditionally, which is not allowed. (https://react.dev/link/invalid-hook-call)
    at updateReducerImpl (http://localhost:5199/node_modules/.vite/deps/react-dom_client.js?v=9d0f301e:4420:30)
    at updateReducer (http://localhost:5199/node_modules/.vite/deps/react-dom_client.js?v=9d0f301e:4416:11)
    at Object.useState (http://localhost:5199/node_modules/.vite/deps/react-dom_client.js?v=9d0f301e:13299:13)
    at exports.useState (http://localhost:5199/node_modules/.vite/deps/react.js?v=9d0f301e:748:31)
    at useTether (http://localhost:5199/src/app/useTether.ts?t=1786358358212:46:36)
    at App (http://localhost:5199/src/App.tsx?t=1786358358212:10:17)
    at Object.react_stack_bottom_frame (http://localhost:5199/node_modules/.vite/deps/react-dom_client.js?v=9d0f301e:12864:12)
    at renderWithHooks (http://localhost:5199/node_modules/.vite/deps/react-dom_client.js?v=9d0f301e:4211:19)
    at updateFunctionComponent (http://localhost:5199/node_modules/.vite/deps/react-dom_client.js?v=9d0f301e:5567:16)
    at beginWork (http://localhost:5199/node_modules/.vite/deps/react-dom_client.js?v=9d0f301e:6138:20)
[  801906ms] [WARNING] %s

%s
 An error occurred in the <App> component. Consider adding an error boundary to your tree to customize error handling behavior.
Visit https://react.dev/link/error-boundaries to learn more about error boundaries. @ http://localhost:5199/@vite/client:528
[ 1469252ms] [INFO] %cDownload the React DevTools for a better development experience: https://react.dev/link/react-devtools font-weight:bold @ http://localhost:5199/node_modules/.vite/deps/react-dom_client.js?v=9d0f301e:14333
[ 1469298ms] [WARNING] <meta name="apple-mobile-web-app-capable" content="yes"> is deprecated. Please include <meta name="mobile-web-app-capable" content="yes"> @ http://localhost:5199/:0
[ 1518961ms] [INFO] %cDownload the React DevTools for a better development experience: https://react.dev/link/react-devtools font-weight:bold @ http://localhost:5199/node_modules/.vite/deps/react-dom_client.js?v=9d0f301e:14333
[ 1518990ms] [WARNING] <meta name="apple-mobile-web-app-capable" content="yes"> is deprecated. Please include <meta name="mobile-web-app-capable" content="yes"> @ http://localhost:5199/:0
[ 1583630ms] [ERROR] React has detected a change in the order of Hooks called by %s. This will lead to bugs and errors if not fixed. For more information, read the Rules of Hooks: https://react.dev/link/rules-of-hooks

   Previous render            Next render
   ------------------------------------------------------
%s   ^^^^^^^^^^^^^^^^^^^^^^^^^^^^^^^^^^^^^^^^^^^^^^^^^^^^^^
 App 1. useState                   useState
2. useState                   useState
3. useState                   useState
4. useState                   useState
5. useState                   useState
6. useState                   useState
7. useRef                     useRef
8. useState                   useState
9. useState                   useState
10. useState                  useState
11. useState                  useState
12. useState                  useState
13. useState                  useState
14. useMemo                   useMemo
15. useRef                    useRef
16. useMemo                   useMemo
17. useCallback               useCallback
18. useCallback               useCallback
19. useCallback               useCallback
20. useEffect                 useEffect
21. useEffect                 useEffect
22. useEffect                 useEffect
23. useEffect                 useEffect
24. useCallback               useCallback
25. useCallback               useCallback
26. useCallback               useCallback
27. useCallback               useCallback
28. useCallback               useCallback
29. useCallback               useCallback
30. useCallback               useCallback
31. undefined                 useCallback
 @ http://localhost:5199/@vite/client:528
[ 1583631ms] Error: Rendered more hooks than during the previous render.
    at updateWorkInProgressHook (http://localhost:5199/node_modules/.vite/deps/react-dom_client.js?v=9d0f301e:4325:12)
    at updateCallback (http://localhost:5199/node_modules/.vite/deps/react-dom_client.js?v=9d0f301e:4919:15)
    at Object.useCallback (http://localhost:5199/node_modules/.vite/deps/react-dom_client.js?v=9d0f301e:13239:12)
    at exports.useCallback (http://localhost:5199/node_modules/.vite/deps/react.js?v=9d0f301e:701:31)
    at useTether (http://localhost:5199/src/app/useTether.ts?t=1786359139930:300:17)
    at App (http://localhost:5199/src/App.tsx?t=1786359139930:10:17)
    at Object.react_stack_bottom_frame (http://localhost:5199/node_modules/.vite/deps/react-dom_client.js?v=9d0f301e:12864:12)
    at renderWithHooks (http://localhost:5199/node_modules/.vite/deps/react-dom_client.js?v=9d0f301e:4211:19)
    at updateFunctionComponent (http://localhost:5199/node_modules/.vite/deps/react-dom_client.js?v=9d0f301e:5567:16)
    at beginWork (http://localhost:5199/node_modules/.vite/deps/react-dom_client.js?v=9d0f301e:6138:20)
[ 1583631ms] [WARNING] %s

%s
 An error occurred in the <App> component. Consider adding an error boundary to your tree to customize error handling behavior.
Visit https://react.dev/link/error-boundaries to learn more about error boundaries. @ http://localhost:5199/@vite/client:528
[ 1648427ms] [INFO] %cDownload the React DevTools for a better development experience: https://react.dev/link/react-devtools font-weight:bold @ http://localhost:5199/node_modules/.vite/deps/react-dom_client.js?v=9d0f301e:14333
[ 1648481ms] [WARNING] <meta name="apple-mobile-web-app-capable" content="yes"> is deprecated. Please include <meta name="mobile-web-app-capable" content="yes"> @ http://localhost:5199/:0
[ 1649621ms] [INFO] %cDownload the React DevTools for a better development experience: https://react.dev/link/react-devtools font-weight:bold @ http://localhost:5199/node_modules/.vite/deps/react-dom_client.js?v=9d0f301e:14333
[ 1649648ms] [WARNING] <meta name="apple-mobile-web-app-capable" content="yes"> is deprecated. Please include <meta name="mobile-web-app-capable" content="yes"> @ http://localhost:5199/:0
[ 1733576ms] [INFO] %cDownload the React DevTools for a better development experience: https://react.dev/link/react-devtools font-weight:bold @ http://localhost:5199/node_modules/.vite/deps/react-dom_client.js?v=db938f66:14333
[ 1733690ms] [WARNING] <meta name="apple-mobile-web-app-capable" content="yes"> is deprecated. Please include <meta name="mobile-web-app-capable" content="yes"> @ http://localhost:5199/:0
[ 2266402ms] [ERROR] React has detected a change in the order of Hooks called by %s. This will lead to bugs and errors if not fixed. For more information, read the Rules of Hooks: https://react.dev/link/rules-of-hooks

   Previous render            Next render
   ------------------------------------------------------
%s   ^^^^^^^^^^^^^^^^^^^^^^^^^^^^^^^^^^^^^^^^^^^^^^^^^^^^^^
 App 1. useState                   useState
2. useState                   useState
3. useState                   useState
4. useState                   useState
5. useState                   useState
6. useState                   useState
7. useRef                     useRef
8. useState                   useState
9. useState                   useState
10. useState                  useState
11. useState                  useState
12. useState                  useState
13. useState                  useState
14. useMemo                   useRef
 @ http://localhost:5199/@vite/client:528
[ 2266405ms] Error: Rendered more hooks than during the previous render.
    at updateWorkInProgressHook (http://localhost:5199/node_modules/.vite/deps/react-dom_client.js?v=db938f66:4325:12)
    at updateCallback (http://localhost:5199/node_modules/.vite/deps/react-dom_client.js?v=db938f66:4919:15)
    at Object.useCallback (http://localhost:5199/node_modules/.vite/deps/react-dom_client.js?v=db938f66:13239:12)
    at exports.useCallback (http://localhost:5199/node_modules/.vite/deps/react.js?v=db938f66:701:31)
    at useTether (http://localhost:5199/src/app/useTether.ts?t=1786359822704:318:17)
    at App (http://localhost:5199/src/App.tsx?t=1786359822704:10:17)
    at Object.react_stack_bottom_frame (http://localhost:5199/node_modules/.vite/deps/react-dom_client.js?v=db938f66:12864:12)
    at renderWithHooks (http://localhost:5199/node_modules/.vite/deps/react-dom_client.js?v=db938f66:4211:19)
    at updateFunctionComponent (http://localhost:5199/node_modules/.vite/deps/react-dom_client.js?v=db938f66:5567:16)
    at beginWork (http://localhost:5199/node_modules/.vite/deps/react-dom_client.js?v=db938f66:6138:20)
[ 2266405ms] [WARNING] %s

%s
 An error occurred in the <App> component. Consider adding an error boundary to your tree to customize error handling behavior.
Visit https://react.dev/link/error-boundaries to learn more about error boundaries. @ http://localhost:5199/@vite/client:528
[ 2291659ms] Error: Should have a queue. You are likely calling Hooks conditionally, which is not allowed. (https://react.dev/link/invalid-hook-call)
    at updateReducerImpl (http://localhost:5199/node_modules/.vite/deps/react-dom_client.js?v=db938f66:4420:30)
    at updateReducer (http://localhost:5199/node_modules/.vite/deps/react-dom_client.js?v=db938f66:4416:11)
    at Object.useState (http://localhost:5199/node_modules/.vite/deps/react-dom_client.js?v=db938f66:13299:13)
    at exports.useState (http://localhost:5199/node_modules/.vite/deps/react.js?v=db938f66:748:31)
    at useTether (http://localhost:5199/src/app/useTether.ts?t=1786359847965:37:38)
    at App (http://localhost:5199/src/App.tsx?t=1786359847965:13:17)
    at Object.react_stack_bottom_frame (http://localhost:5199/node_modules/.vite/deps/react-dom_client.js?v=db938f66:12864:12)
    at renderWithHooks (http://localhost:5199/node_modules/.vite/deps/react-dom_client.js?v=db938f66:4211:19)
    at updateFunctionComponent (http://localhost:5199/node_modules/.vite/deps/react-dom_client.js?v=db938f66:5567:16)
    at beginWork (http://localhost:5199/node_modules/.vite/deps/react-dom_client.js?v=db938f66:6138:20)
[ 2291659ms] [WARNING] %s

%s
 An error occurred in the <App> component. Consider adding an error boundary to your tree to customize error handling behavior.
Visit https://react.dev/link/error-boundaries to learn more about error boundaries. @ http://localhost:5199/@vite/client:528
[ 2378224ms] [INFO] %cDownload the React DevTools for a better development experience: https://react.dev/link/react-devtools font-weight:bold @ http://localhost:5199/node_modules/.vite/deps/react-dom_client.js?v=db938f66:14333
[ 2378272ms] [WARNING] <meta name="apple-mobile-web-app-capable" content="yes"> is deprecated. Please include <meta name="mobile-web-app-capable" content="yes"> @ http://localhost:5199/:0
[ 2425242ms] [ERROR] React has detected a change in the order of Hooks called by %s. This will lead to bugs and errors if not fixed. For more information, read the Rules of Hooks: https://react.dev/link/rules-of-hooks

   Previous render            Next render
   ------------------------------------------------------
%s   ^^^^^^^^^^^^^^^^^^^^^^^^^^^^^^^^^^^^^^^^^^^^^^^^^^^^^^
 App 1. useState                   useState
2. useState                   useState
3. useState                   useState
4. useState                   useState
5. useState                   useState
6. useState                   useState
7. useState                   useState
8. useRef                     useRef
9. useState                   useState
10. useState                  useState
11. useState                  useState
12. useState                  useState
13. useState                  useState
14. useState                  useState
15. useRef                    useState
 @ http://localhost:5199/@vite/client:528
[ 2425252ms] Error: Should have a queue. You are likely calling Hooks conditionally, which is not allowed. (https://react.dev/link/invalid-hook-call)
    at updateReducerImpl (http://localhost:5199/node_modules/.vite/deps/react-dom_client.js?v=db938f66:4420:30)
    at updateReducer (http://localhost:5199/node_modules/.vite/deps/react-dom_client.js?v=db938f66:4416:11)
    at Object.useState (http://localhost:5199/node_modules/.vite/deps/react-dom_client.js?v=db938f66:13299:13)
    at exports.useState (http://localhost:5199/node_modules/.vite/deps/react.js?v=db938f66:748:31)
    at useTether (http://localhost:5199/src/app/useTether.ts?t=1786359981522:49:36)
    at App (http://localhost:5199/src/App.tsx?t=1786359981522:13:17)
    at Object.react_stack_bottom_frame (http://localhost:5199/node_modules/.vite/deps/react-dom_client.js?v=db938f66:12864:12)
    at renderWithHooks (http://localhost:5199/node_modules/.vite/deps/react-dom_client.js?v=db938f66:4211:19)
    at updateFunctionComponent (http://localhost:5199/node_modules/.vite/deps/react-dom_client.js?v=db938f66:5567:16)
    at beginWork (http://localhost:5199/node_modules/.vite/deps/react-dom_client.js?v=db938f66:6138:20)
[ 2425245ms] [WARNING] %s

%s
 An error occurred in the <App> component. Consider adding an error boundary to your tree to customize error handling behavior.
Visit https://react.dev/link/error-boundaries to learn more about error boundaries. @ http://localhost:5199/@vite/client:528
[ 2425797ms] [INFO] %cDownload the React DevTools for a better development experience: https://react.dev/link/react-devtools font-weight:bold @ http://localhost:5199/node_modules/.vite/deps/react-dom_client.js?v=d9992bd4:14333
[ 2425851ms] [WARNING] <meta name="apple-mobile-web-app-capable" content="yes"> is deprecated. Please include <meta name="mobile-web-app-capable" content="yes"> @ http://localhost:5199/:0
[ 2551464ms] [LOG] [vite] server connection lost. Polling for restart... @ http://localhost:5199/@vite/client:998
[ 4937330ms] [INFO] %cDownload the React DevTools for a better development experience: https://react.dev/link/react-devtools font-weight:bold @ http://localhost:5199/node_modules/.vite/deps/react-dom_client.js?v=42c25443:14333
[ 4937372ms] [WARNING] <meta name="apple-mobile-web-app-capable" content="yes"> is deprecated. Please include <meta name="mobile-web-app-capable" content="yes"> @ http://localhost:5199/:0
[ 5164534ms] [INFO] %cDownload the React DevTools for a better development experience: https://react.dev/link/react-devtools font-weight:bold @ http://localhost:5199/node_modules/.vite/deps/react-dom_client.js?v=42c25443:14333
[ 5164580ms] [WARNING] <meta name="apple-mobile-web-app-capable" content="yes"> is deprecated. Please include <meta name="mobile-web-app-capable" content="yes"> @ http://localhost:5199/:0
[ 5228221ms] [LOG] [vite] server connection lost. Polling for restart... @ http://localhost:5199/@vite/client:998
[ 9297542ms] [INFO] %cDownload the React DevTools for a better development experience: https://react.dev/link/react-devtools font-weight:bold @ http://localhost:5199/node_modules/.vite/deps/react-dom_client.js?v=42c25443:14333
[ 9297575ms] [WARNING] <meta name="apple-mobile-web-app-capable" content="yes"> is deprecated. Please include <meta name="mobile-web-app-capable" content="yes"> @ http://localhost:5199/:0
[ 9338662ms] [INFO] %cDownload the React DevTools for a better development experience: https://react.dev/link/react-devtools font-weight:bold @ http://localhost:5199/node_modules/.vite/deps/react-dom_client.js?v=42c25443:14333
[ 9338754ms] [WARNING] <meta name="apple-mobile-web-app-capable" content="yes"> is deprecated. Please include <meta name="mobile-web-app-capable" content="yes"> @ http://localhost:5199/:0
[ 9340103ms] [INFO] %cDownload the React DevTools for a better development experience: https://react.dev/link/react-devtools font-weight:bold @ http://localhost:5199/node_modules/.vite/deps/react-dom_client.js?v=42c25443:14333
[ 9340196ms] [WARNING] <meta name="apple-mobile-web-app-capable" content="yes"> is deprecated. Please include <meta name="mobile-web-app-capable" content="yes"> @ http://localhost:5199/:0
